psql (14.19 (Homebrew))
Type "help" for help.

university=# CREATE TABLE Students (
    student_id SERIAL PRIMARY KEY,
    first_name VARCHAR(50),
    last_name VARCHAR(50),
    birth_date DATE
);
CREATE TABLE
university=# INSERT INTO Students (first_name, last_name, birth_date)
VALUES ('Aibek', 'Sharshenov', '2002-05-12');
INSERT 0 1
university=# INSERT INTO Students (first_name, last_name, birth_date) VALUES
('Ainura', 'Toktomamatova', '2001-09-23'),
('Bakyt', 'Mamatov', '2003-01-15'),
('Gulzat', 'Sultanova', '2002-07-30');
INSERT 0 3
university=# UPDATE table_name
SET column1 = value1, column2 = value2, ...
WHERE condition;
ERROR:  syntax error at or near ".."
LINE 2: SET column1 = value1, column2 = value2, ...
                                                ^
university=# UPDATE Students
SET birth_date = '2002-05-15'
WHERE first_name = 'Aibek' AND last_name = 'Sharshenov';
UPDATE 1
university=# DELETE FROM Students
WHERE first_name = 'Gulzat' AND last_name = 'Sultanova';
DELETE 1
university=# DELETE FROM Students
WHERE birth_date < '2002-01-01';
DELETE 1
university=# UPDATE Students
SET last_name = 'Bekov'
WHERE last_name IN ('Uulu', 'Isakov');
UPDATE 0
university=# DELETE FROM Students
WHERE student_id IN (2, 3, 5);
DELETE 1
